// Jest Snapshot v1, https://goo.gl/fbAQLP

exports[`LoginViewComponent should render the component correctly 1`] = `
<fcl-login-view>
  <div
    class="fcl-image-container"
  >
    <fcl-main-entry-header
      class="fcl-main-entry-header"
    />
    <fcl-single-center-card-layout
      cardtitle="Login"
      class="fcl-login-card"
    >
      <div
        class="fcl-single-center-card-layout-item fcl-single-center-card-layout-container"
      >
        <mat-card
          class="fcl-mat-card mat-card mat-focus-indicator"
        >
          <mat-card-header
            class="fcl-mat-card__header mat-card-header"
          >
            <div
              class="mat-card-header-text"
            >
              <mat-card-title
                class="mat-card-title"
              >
                <div
                  class="mat-headline"
                >
                  
                </div>
                <mat-divider
                  class="mat-divider"
                  role="separator"
                />
              </mat-card-title>
            </div>
          </mat-card-header>
          <mat-card-content
            class="mat-card-content"
          >
            <fcl-mat-card-body>
              <fcl-login-container />
            </fcl-mat-card-body>
          </mat-card-content>
          <mat-card-actions
            class="fcl-mat-card-actions mat-card-actions"
          >
            <fcl-mat-card-actions
              class="fcl-mat-card__actions"
            >
              <button
                class="mat-focus-indicator mat-button mat-button-base"
                color="primary"
                mat-button=""
                tabindex="0"
              >
                <span
                  class="mat-button-wrapper"
                >
                  Register
                </span>
                <span
                  class="mat-button-ripple mat-ripple"
                  matripple=""
                />
                <span
                  class="mat-button-focus-overlay"
                />
              </button>
              <button
                class="mat-focus-indicator mat-button mat-button-base"
                color="primary"
                mat-button=""
                tabindex="0"
              >
                <span
                  class="mat-button-wrapper"
                >
                  Password forgotten?
                </span>
                <span
                  class="mat-button-ripple mat-ripple"
                  matripple=""
                />
                <span
                  class="mat-button-focus-overlay"
                />
              </button>
            </fcl-mat-card-actions>
          </mat-card-actions>
        </mat-card>
      </div>
    </fcl-single-center-card-layout>
    <fcl-funding-sources-view
      class="fcl-funding-box"
    />
  </div>
</fcl-login-view>
`;
