// Jest Snapshot v1, https://goo.gl/fbAQLP

exports[`RecoveryComponent should render the component correctly 1`] = `
<fcl-recovery
  recovery={[Function EventEmitter_]}
  recoveryForm={[Function FormGroup]}
>
  <form
    novalidate=""
  >
    <div
      class="fcl-mat-card-content"
    >
      <div
        class="fcl-recover-text"
      >
        <div
          class="mat-subheading-2"
        >
          Please enter the email address you used to register.
        </div>
      </div>
      <div
        class="form-group fcl-form-email"
      >
        <mat-form-field
          appearance="standard"
          class="fcl-form-field mat-form-field mat-primary"
        >
          <div
            class="mat-form-field-wrapper"
          >
            <div
              class="mat-form-field-flex"
            >
              
              
              <div
                class="mat-form-field-infix"
              >
                <input
                  class="mat-input-element mat-form-field-autofill-control"
                  formcontrolname="email"
                  matinput=""
                  name="email"
                  required=""
                />
                <span
                  class="mat-form-field-label-wrapper"
                >
                  
                </span>
              </div>
              
            </div>
            
            <div
              class="mat-form-field-subscript-wrapper"
            >
              
              
            </div>
          </div>
        </mat-form-field>
      </div>
      <div
        class="fcl-card-action fcl-card-action-container"
      >
        <div
          class="form-group fcl-recover-button"
        >
          <button
            class="mat-focus-indicator mat-raised-button mat-button-base"
            color="primary"
            mat-raised-button=""
            type="submit"
          >
            <span
              class="mat-button-wrapper"
            >
               Recover password 
            </span>
            <span
              class="mat-button-ripple mat-ripple"
              matripple=""
            />
            <span
              class="mat-button-focus-overlay"
            />
          </button>
        </div>
        <div>
          <a
            class="mat-focus-indicator mat-button mat-button-base"
            mat-button=""
          >
            <span
              class="mat-button-wrapper"
            >
               Cancel 
            </span>
            <span
              class="mat-button-ripple mat-ripple"
              matripple=""
            />
            <span
              class="mat-button-focus-overlay"
            />
          </a>
        </div>
      </div>
    </div>
  </form>
</fcl-recovery>
`;
