// Jest Snapshot v1, https://goo.gl/fbAQLP

exports[`RecoveryViewComponent should render the component correctly 1`] = `
<fcl-recovery-view>
  <div
    class="fcl-image-container"
  >
    <fcl-main-entry-header />
    <fcl-single-center-card-layout
      cardtitle="Recover Password"
      class="fcl-register-card"
    >
      <div
        class="fcl-single-center-card-layout-item fcl-single-center-card-layout-container"
      >
        <mat-card
          class="mat-card mat-focus-indicator fcl-mat-card"
        >
          <mat-card-header
            class="mat-card-header fcl-mat-card__header"
          >
            <div
              class="mat-card-header-text"
            >
              <mat-card-title
                class="mat-card-title"
              >
                <div
                  class="mat-headline"
                >
                </div>
                <mat-divider
                  class="mat-divider"
                  role="separator"
                />
              </mat-card-title>
            </div>
          </mat-card-header>
          <mat-card-content
            class="mat-card-content"
          >
            <fcl-mat-card-body>
              <fcl-recovery-container />
            </fcl-mat-card-body>
          </mat-card-content>
          <mat-card-actions
            class="mat-card-actions fcl-mat-card-actions"
          >
            <fcl-mat-card-actions />
          </mat-card-actions>
        </mat-card>
      </div>
    </fcl-single-center-card-layout>
  </div>
</fcl-recovery-view>
`;
