// Jest Snapshot v1, https://goo.gl/fbAQLP

exports[`RegisterComponent should render the component correctly 1`] = `
<fcl-register
  changeRef={[Function ViewRef_]}
  pwStrength={[Function Number]}
  register={[Function EventEmitter_]}
  registerForm={[Function FormGroup]}
>
  <form
    novalidate=""
  >
    <div
      class="fcl-mat-card-content"
    >
      <div
        class="form-group fcl-form-firstname"
      >
        <mat-form-field
          appearance="standard"
          class="fcl-form-field mat-form-field mat-primary"
        >
          <div
            class="mat-form-field-wrapper"
          >
            <div
              class="mat-form-field-flex"
            >
              
              
              <div
                class="mat-form-field-infix"
              >
                <input
                  class="mat-input-element mat-form-field-autofill-control"
                  formcontrolname="firstName"
                  matinput=""
                  name="firstName"
                  required=""
                />
                <span
                  class="mat-form-field-label-wrapper"
                >
                  
                </span>
              </div>
              
            </div>
            
            <div
              class="mat-form-field-subscript-wrapper"
            >
              
              
            </div>
          </div>
        </mat-form-field>
      </div>
      <div
        class="form-group"
      >
        <mat-form-field
          appearance="standard"
          class="fcl-form-field mat-form-field mat-primary"
        >
          <div
            class="mat-form-field-wrapper"
          >
            <div
              class="mat-form-field-flex"
            >
              
              
              <div
                class="mat-form-field-infix"
              >
                <input
                  class="mat-input-element mat-form-field-autofill-control"
                  formcontrolname="lastName"
                  matinput=""
                  name="lastName"
                  required=""
                />
                <span
                  class="mat-form-field-label-wrapper"
                >
                  
                </span>
              </div>
              
            </div>
            
            <div
              class="mat-form-field-subscript-wrapper"
            >
              
              
            </div>
          </div>
        </mat-form-field>
      </div>
      <div
        class="form-group"
      >
        <mat-form-field
          appearance="standard"
          class="fcl-form-field mat-form-field mat-primary"
        >
          <div
            class="mat-form-field-wrapper"
          >
            <div
              class="mat-form-field-flex"
            >
              
              
              <div
                class="mat-form-field-infix"
              >
                <input
                  class="mat-input-element mat-form-field-autofill-control"
                  formcontrolname="email"
                  matinput=""
                  name="email"
                  required=""
                />
                <span
                  class="mat-form-field-label-wrapper"
                >
                  
                </span>
              </div>
              
            </div>
            
            <div
              class="mat-form-field-subscript-wrapper"
            >
              
              
            </div>
          </div>
        </mat-form-field>
      </div>
      <div
        class="form-group fcl-form-password"
      >
        <mat-form-field
          appearance="standard"
          class="fcl-form-field mat-form-field mat-primary"
        >
          <div
            class="mat-form-field-wrapper"
          >
            <div
              class="mat-form-field-flex"
            >
              
              
              <div
                class="mat-form-field-infix"
              >
                <input
                  class="mat-input-element mat-form-field-autofill-control"
                  formcontrolname="password1"
                  matinput=""
                  name="password1"
                  required=""
                  type="password"
                />
                <span
                  class="mat-form-field-label-wrapper"
                >
                  
                </span>
              </div>
              
            </div>
            
            <div
              class="mat-form-field-subscript-wrapper"
            >
              
              
            </div>
          </div>
        </mat-form-field>
      </div>
      <div
        class="form-group"
      >
        <password-strength-meter>
          <div>
            <div
              class="strength-meter"
            >
              <div
                class="strength-meter-fill"
              />
            </div>
            
          </div>
        </password-strength-meter>
        
      </div>
      <div
        class="form-group"
      >
        <mat-form-field
          appearance="standard"
          class="fcl-form-field mat-form-field mat-primary"
        >
          <div
            class="mat-form-field-wrapper"
          >
            <div
              class="mat-form-field-flex"
            >
              
              
              <div
                class="mat-form-field-infix"
              >
                <input
                  class="mat-input-element mat-form-field-autofill-control"
                  formcontrolname="password2"
                  matinput=""
                  name="password2"
                  required=""
                  type="password"
                />
                <span
                  class="mat-form-field-label-wrapper"
                >
                  
                </span>
              </div>
              
            </div>
            
            <div
              class="mat-form-field-subscript-wrapper"
            >
              
              
            </div>
          </div>
        </mat-form-field>
      </div>
      <div
        class="form-group fcl-form-checkbox"
      >
        <mat-checkbox
          class="mat-checkbox mat-accent"
          formcontrolname="dataProtection"
          required=""
        >
          <label
            class="mat-checkbox-layout"
          >
            <div
              class="mat-checkbox-inner-container"
            >
              <input
                class="mat-checkbox-input cdk-visually-hidden"
                type="checkbox"
              />
              <div
                class="mat-checkbox-ripple mat-focus-indicator mat-ripple"
                matripple=""
              >
                <div
                  class="mat-ripple-element mat-checkbox-persistent-ripple"
                />
              </div>
              <div
                class="mat-checkbox-frame"
              />
              <div
                class="mat-checkbox-background"
              >
                <svg
                  class="mat-checkbox-checkmark"
                  focusable="false"
                  version="1.1"
                  viewBox="0 0 24 24"
                  xml:space="preserve"
                >
                  <path
                    class="mat-checkbox-checkmark-path"
                    d="M4.1,12.7 9,17.6 20.3,6.3"
                    fill="none"
                    stroke="white"
                  />
                </svg>
                <div
                  class="mat-checkbox-mixedmark"
                />
              </div>
            </div>
            <span
              class="mat-checkbox-label"
            >
              <span
                style="display:none"
              >
                 
              </span>
               I have read and accept the 
              <a
                class="fcl-policy-link"
                target="_blank"
              >
                 Privacy Policy 
              </a>
               * 
            </span>
          </label>
        </mat-checkbox>
        
      </div>
      <div
        class="form-group fcl-form-checkbox"
      >
        <mat-checkbox
          class="fcl-newsletter-checkbox mat-checkbox mat-accent"
          formcontrolname="newsletter"
        >
          <label
            class="mat-checkbox-layout"
          >
            <div
              class="mat-checkbox-inner-container"
            >
              <input
                class="mat-checkbox-input cdk-visually-hidden"
                type="checkbox"
              />
              <div
                class="mat-checkbox-ripple mat-focus-indicator mat-ripple"
                matripple=""
              >
                <div
                  class="mat-ripple-element mat-checkbox-persistent-ripple"
                />
              </div>
              <div
                class="mat-checkbox-frame"
              />
              <div
                class="mat-checkbox-background"
              >
                <svg
                  class="mat-checkbox-checkmark"
                  focusable="false"
                  version="1.1"
                  viewBox="0 0 24 24"
                  xml:space="preserve"
                >
                  <path
                    class="mat-checkbox-checkmark-path"
                    d="M4.1,12.7 9,17.6 20.3,6.3"
                    fill="none"
                    stroke="white"
                  />
                </svg>
                <div
                  class="mat-checkbox-mixedmark"
                />
              </div>
            </div>
            <span
              class="mat-checkbox-label"
            >
              <span
                style="display:none"
              >
                 
              </span>
              <div
                class="fcl-text-wrap"
              >
                 I agree to receive occasional email newsletters on e.g. new features of FCL Web or user trainings. I can unsubscribe anytime by sending an email to 
                <a
                  class="fcl-policy-link"
                  href="mailto:foodrisklabs@bfr.bund.de"
                  target="_top"
                >
                   foodrisklabs@bfr.bund.de 
                </a>
                 . 
              </div>
            </span>
          </label>
        </mat-checkbox>
      </div>
      <div
        class="fcl-card-action fcl-card-action-container"
      >
        <div
          class="form-group fcl-submit-button"
        >
          <button
            class="mat-focus-indicator mat-raised-button mat-button-base"
            color="primary"
            mat-raised-button=""
            type="submit"
          >
            <span
              class="mat-button-wrapper"
            >
               Submit 
            </span>
            <span
              class="mat-button-ripple mat-ripple"
              matripple=""
            />
            <span
              class="mat-button-focus-overlay"
            />
          </button>
        </div>
        <div>
          <a
            class="mat-focus-indicator mat-button mat-button-base"
            mat-button=""
          >
            <span
              class="mat-button-wrapper"
            >
               Cancel 
            </span>
            <span
              class="mat-button-ripple mat-ripple"
              matripple=""
            />
            <span
              class="mat-button-focus-overlay"
            />
          </a>
        </div>
      </div>
    </div>
  </form>
</fcl-register>
`;
